E:/T1893PFW_00/STM32CubeF4/Projects/STM32F429ZI-Nucleo/Applications/LwIP/LwIP_HTTP_Server_Netconn_RTOS/Src/ethernetif.c:130:13:low_level_init	184	static
E:/T1893PFW_00/STM32CubeF4/Projects/STM32F429ZI-Nucleo/Applications/LwIP/LwIP_HTTP_Server_Netconn_RTOS/Src/ethernetif.c:262:14:low_level_output	80	static
E:/T1893PFW_00/STM32CubeF4/Projects/STM32F429ZI-Nucleo/Applications/LwIP/LwIP_HTTP_Server_Netconn_RTOS/Src/ethernetif.c:333:22:low_level_input	24	static
E:/T1893PFW_00/STM32CubeF4/Projects/STM32F429ZI-Nucleo/Applications/LwIP/LwIP_HTTP_Server_Netconn_RTOS/Src/ethernetif.c:351:13:ethernetif_input	24	static
E:/T1893PFW_00/STM32CubeF4/Projects/STM32F429ZI-Nucleo/Applications/LwIP/LwIP_HTTP_Server_Netconn_RTOS/Src/ethernetif.c:388:7:ethernetif_init	16	static
E:/T1893PFW_00/STM32CubeF4/Projects/STM32F429ZI-Nucleo/Applications/LwIP/LwIP_HTTP_Server_Netconn_RTOS/Src/ethernetif.c:425:6:pbuf_free_custom	24	static
E:/T1893PFW_00/STM32CubeF4/Projects/STM32F429ZI-Nucleo/Applications/LwIP/LwIP_HTTP_Server_Netconn_RTOS/Src/ethernetif.c:443:7:sys_now	8	static
E:/T1893PFW_00/STM32CubeF4/Projects/STM32F429ZI-Nucleo/Applications/LwIP/LwIP_HTTP_Server_Netconn_RTOS/Src/ethernetif.c:456:6:HAL_ETH_MspInit	64	static
E:/T1893PFW_00/STM32CubeF4/Projects/STM32F429ZI-Nucleo/Applications/LwIP/LwIP_HTTP_Server_Netconn_RTOS/Src/ethernetif.c:512:6:HAL_ETH_RxCpltCallback	16	static
E:/T1893PFW_00/STM32CubeF4/Projects/STM32F429ZI-Nucleo/Applications/LwIP/LwIP_HTTP_Server_Netconn_RTOS/Src/ethernetif.c:522:6:HAL_ETH_TxCpltCallback	16	static
E:/T1893PFW_00/STM32CubeF4/Projects/STM32F429ZI-Nucleo/Applications/LwIP/LwIP_HTTP_Server_Netconn_RTOS/Src/ethernetif.c:532:6:HAL_ETH_ErrorCallback	16	static
E:/T1893PFW_00/STM32CubeF4/Projects/STM32F429ZI-Nucleo/Applications/LwIP/LwIP_HTTP_Server_Netconn_RTOS/Src/ethernetif.c:548:9:ETH_PHY_IO_Init	8	static
E:/T1893PFW_00/STM32CubeF4/Projects/STM32F429ZI-Nucleo/Applications/LwIP/LwIP_HTTP_Server_Netconn_RTOS/Src/ethernetif.c:565:9:ETH_PHY_IO_DeInit	4	static
E:/T1893PFW_00/STM32CubeF4/Projects/STM32F429ZI-Nucleo/Applications/LwIP/LwIP_HTTP_Server_Netconn_RTOS/Src/ethernetif.c:577:9:ETH_PHY_IO_ReadReg	24	static
E:/T1893PFW_00/STM32CubeF4/Projects/STM32F429ZI-Nucleo/Applications/LwIP/LwIP_HTTP_Server_Netconn_RTOS/Src/ethernetif.c:594:9:ETH_PHY_IO_WriteReg	24	static
E:/T1893PFW_00/STM32CubeF4/Projects/STM32F429ZI-Nucleo/Applications/LwIP/LwIP_HTTP_Server_Netconn_RTOS/Src/ethernetif.c:608:9:ETH_PHY_IO_GetTick	8	static
E:/T1893PFW_00/STM32CubeF4/Projects/STM32F429ZI-Nucleo/Applications/LwIP/LwIP_HTTP_Server_Netconn_RTOS/Src/ethernetif.c:618:6:ethernet_link_thread	136	static
E:/T1893PFW_00/STM32CubeF4/Projects/STM32F429ZI-Nucleo/Applications/LwIP/LwIP_HTTP_Server_Netconn_RTOS/Src/ethernetif.c:681:6:HAL_ETH_RxAllocateCallback	32	static
E:/T1893PFW_00/STM32CubeF4/Projects/STM32F429ZI-Nucleo/Applications/LwIP/LwIP_HTTP_Server_Netconn_RTOS/Src/ethernetif.c:701:6:HAL_ETH_RxLinkCallback	40	static
E:/T1893PFW_00/STM32CubeF4/Projects/STM32F429ZI-Nucleo/Applications/LwIP/LwIP_HTTP_Server_Netconn_RTOS/Src/ethernetif.c:734:6:HAL_ETH_TxFreeCallback	16	static
E:/T1893PFW_00/STM32CubeF4/Projects/STM32F429ZI-Nucleo/Applications/LwIP/LwIP_HTTP_Server_Netconn_RTOS/Src/ethernetif.c:744:6:RMII_Thread	16	static
