E:/T1893PFW_00/STM32CubeF4/Projects/STM32F429ZI-Nucleo/Applications/LwIP/LwIP_HTTP_Server_Netconn_RTOS/Src/stm32f4xx_it.c:42:6:NMI_Handler	4	static
E:/T1893PFW_00/STM32CubeF4/Projects/STM32F429ZI-Nucleo/Applications/LwIP/LwIP_HTTP_Server_Netconn_RTOS/Src/stm32f4xx_it.c:51:6:HardFault_Handler	4	static
E:/T1893PFW_00/STM32CubeF4/Projects/STM32F429ZI-Nucleo/Applications/LwIP/LwIP_HTTP_Server_Netconn_RTOS/Src/stm32f4xx_it.c:64:6:MemManage_Handler	4	static
E:/T1893PFW_00/STM32CubeF4/Projects/STM32F429ZI-Nucleo/Applications/LwIP/LwIP_HTTP_Server_Netconn_RTOS/Src/stm32f4xx_it.c:77:6:BusFault_Handler	4	static
E:/T1893PFW_00/STM32CubeF4/Projects/STM32F429ZI-Nucleo/Applications/LwIP/LwIP_HTTP_Server_Netconn_RTOS/Src/stm32f4xx_it.c:90:6:UsageFault_Handler	4	static
E:/T1893PFW_00/STM32CubeF4/Projects/STM32F429ZI-Nucleo/Applications/LwIP/LwIP_HTTP_Server_Netconn_RTOS/Src/stm32f4xx_it.c:103:6:DebugMon_Handler	4	static
E:/T1893PFW_00/STM32CubeF4/Projects/STM32F429ZI-Nucleo/Applications/LwIP/LwIP_HTTP_Server_Netconn_RTOS/Src/stm32f4xx_it.c:112:6:SysTick_Handler	8	static
E:/T1893PFW_00/STM32CubeF4/Projects/STM32F429ZI-Nucleo/Applications/LwIP/LwIP_HTTP_Server_Netconn_RTOS/Src/stm32f4xx_it.c:129:6:ETH_IRQHandler	8	static
